[INFO] Scanning for projects...
[INFO] 
[INFO] ---------------------< cl.moldtek:moldtek-backend >---------------------
[INFO] Building Moldtek Backend 1.0.0
[INFO]   from pom.xml
[INFO] --------------------------------[ jar ]---------------------------------
[INFO] 
[INFO] --- clean:3.4.0:clean (default-clean) @ moldtek-backend ---
[INFO] Deleting C:\Proyectos\moldtek\backend\target
[INFO] 
[INFO] >>> spring-boot:3.4.1:run (default-cli) > test-compile @ moldtek-backend >>>
[INFO] 
[INFO] --- resources:3.3.1:resources (default-resources) @ moldtek-backend ---
[INFO] Copying 1 resource from src\main\resources to target\classes
[INFO] Copying 0 resource from src\main\resources to target\classes
[INFO] 
[INFO] --- compiler:3.13.0:compile (default-compile) @ moldtek-backend ---
[INFO] Recompiling the module because of changed source code.
[INFO] Compiling 70 source files with javac [debug parameters release 17] to target\classes
[INFO] 
[INFO] --- resources:3.3.1:testResources (default-testResources) @ moldtek-backend ---
[INFO] skip non existing resourceDirectory C:\Proyectos\moldtek\backend\src\test\resources
[INFO] 
[INFO] --- compiler:3.13.0:testCompile (default-testCompile) @ moldtek-backend ---
[INFO] Recompiling the module because of changed dependency.
[INFO] 
[INFO] <<< spring-boot:3.4.1:run (default-cli) < test-compile @ moldtek-backend <<<
[INFO] 
[INFO] 
[INFO] --- spring-boot:3.4.1:run (default-cli) @ moldtek-backend ---
[INFO] Attaching agents: []

  .   ____          _            __ _ _
 /\\ / ___'_ __ _ _(_)_ __  __ _ \ \ \ \
( ( )\___ | '_ | '_| | '_ \/ _` | \ \ \ \
 \\/  ___)| |_)| | | | | || (_| |  ) ) ) )
  '  |____| .__|_| |_|_| |_\__, | / / / /
 =========|_|==============|___/=/_/_/_/

 :: Spring Boot ::                (v3.4.1)

2026-08-27T18:41:17.738-04:00  INFO 29668 --- [moldtek-backend] [           main] c.m.backend.MoldtekBackendApplication    : Starting MoldtekBackendApplication using Java 17.0.12 with PID 29668 (C:\Proyectos\moldtek\backend\target\classes started by marce in C:\Proyectos\moldtek\backend)
2026-08-27T18:41:17.741-04:00 DEBUG 29668 --- [moldtek-backend] [           main] c.m.backend.MoldtekBackendApplication    : Running with Spring Boot v3.4.1, Spring v6.2.1
2026-08-27T18:41:17.741-04:00  INFO 29668 --- [moldtek-backend] [           main] c.m.backend.MoldtekBackendApplication    : No active profile set, falling back to 1 default profile: "default"
2026-08-27T18:41:18.594-04:00  INFO 29668 --- [moldtek-backend] [           main] .s.d.r.c.RepositoryConfigurationDelegate : Bootstrapping Spring Data JPA repositories in DEFAULT mode.
2026-08-27T18:41:18.706-04:00  INFO 29668 --- [moldtek-backend] [           main] .s.d.r.c.RepositoryConfigurationDelegate : Finished Spring Data repository scanning in 100 ms. Found 12 JPA repository interfaces.
2026-08-27T18:41:19.543-04:00  INFO 29668 --- [moldtek-backend] [           main] o.s.b.w.embedded.tomcat.TomcatWebServer  : Tomcat initialized with port 8080 (http)
2026-08-27T18:41:19.570-04:00  INFO 29668 --- [moldtek-backend] [           main] o.apache.catalina.core.StandardService   : Starting service [Tomcat]
2026-08-27T18:41:19.571-04:00  INFO 29668 --- [moldtek-backend] [           main] o.apache.catalina.core.StandardEngine    : Starting Servlet engine: [Apache Tomcat/10.1.34]
2026-08-27T18:41:19.653-04:00  INFO 29668 --- [moldtek-backend] [           main] o.a.c.c.C.[Tomcat].[localhost].[/api]    : Initializing Spring embedded WebApplicationContext
2026-08-27T18:41:19.654-04:00  INFO 29668 --- [moldtek-backend] [           main] w.s.c.ServletWebServerApplicationContext : Root WebApplicationContext: initialization completed in 1865 ms
2026-08-27T18:41:19.793-04:00  INFO 29668 --- [moldtek-backend] [           main] o.hibernate.jpa.internal.util.LogHelper  : HHH000204: Processing PersistenceUnitInfo [name: default]
2026-08-27T18:41:19.854-04:00  INFO 29668 --- [moldtek-backend] [           main] org.hibernate.Version                    : HHH000412: Hibernate ORM core version 6.6.4.Final
2026-08-27T18:41:19.888-04:00  INFO 29668 --- [moldtek-backend] [           main] o.h.c.internal.RegionFactoryInitiator    : HHH000026: Second-level cache disabled
2026-08-27T18:41:20.130-04:00  INFO 29668 --- [moldtek-backend] [           main] o.s.o.j.p.SpringPersistenceUnitInfo      : No LoadTimeWeaver setup: ignoring JPA class transformer
2026-08-27T18:41:20.154-04:00  INFO 29668 --- [moldtek-backend] [           main] com.zaxxer.hikari.HikariDataSource       : HikariPool-1 - Starting...
2026-08-27T18:41:20.339-04:00  INFO 29668 --- [moldtek-backend] [           main] com.zaxxer.hikari.pool.HikariPool        : HikariPool-1 - Added connection org.postgresql.jdbc.PgConnection@7fe87c0e
2026-08-27T18:41:20.340-04:00  INFO 29668 --- [moldtek-backend] [           main] com.zaxxer.hikari.HikariDataSource       : HikariPool-1 - Start completed.
2026-08-27T18:41:20.379-04:00  WARN 29668 --- [moldtek-backend] [           main] org.hibernate.orm.deprecation            : HHH90000025: PostgreSQLDialect does not need to be specified explicitly using 'hibernate.dialect' (remove the property setting and it will be selected by default)
2026-08-27T18:41:20.395-04:00  INFO 29668 --- [moldtek-backend] [           main] org.hibernate.orm.connections.pooling    : HHH10001005: Database info:
	Database JDBC URL [Connecting through datasource 'HikariDataSource (HikariPool-1)']
	Database driver: undefined/unknown
	Database version: 18.3
	Autocommit mode: undefined/unknown
	Isolation level: undefined/unknown
	Minimum pool size: undefined/unknown
	Maximum pool size: undefined/unknown
2026-08-27T18:41:21.641-04:00  INFO 29668 --- [moldtek-backend] [           main] o.h.e.t.j.p.i.JtaPlatformInitiator       : HHH000489: No JTA platform available (set 'hibernate.transaction.jta.platform' to enable JTA platform integration)
2026-08-27T18:41:21.911-04:00  INFO 29668 --- [moldtek-backend] [           main] j.LocalContainerEntityManagerFactoryBean : Initialized JPA EntityManagerFactory for persistence unit 'default'
2026-08-27T18:41:22.197-04:00  INFO 29668 --- [moldtek-backend] [           main] o.s.d.j.r.query.QueryEnhancerFactory     : Hibernate is in classpath; If applicable, HQL parser will be used.
2026-08-27T18:41:22.679-04:00 DEBUG 29668 --- [moldtek-backend] [           main] c.m.b.config.JwtAuthenticationFilter     : Filter 'jwtAuthenticationFilter' configured for use
2026-08-27T18:41:22.851-04:00  INFO 29668 --- [moldtek-backend] [           main] eAuthenticationProviderManagerConfigurer : Global AuthenticationManager configured with AuthenticationProvider bean with name authenticationProvider
2026-08-27T18:41:22.852-04:00  WARN 29668 --- [moldtek-backend] [           main] r$InitializeUserDetailsManagerConfigurer : Global AuthenticationManager configured with an AuthenticationProvider bean. UserDetailsService beans will not be used by Spring Security for automatically configuring username/password login. Consider removing the AuthenticationProvider bean. Alternatively, consider using the UserDetailsService in a manually instantiated DaoAuthenticationProvider. If the current configuration is intentional, to turn off this warning, increase the logging level of 'org.springframework.security.config.annotation.authentication.configuration.InitializeUserDetailsBeanManagerConfigurer' to ERROR
2026-08-27T18:41:23.639-04:00  WARN 29668 --- [moldtek-backend] [           main] JpaBaseConfiguration$JpaWebConfiguration : spring.jpa.open-in-view is enabled by default. Therefore, database queries may be performed during view rendering. Explicitly configure spring.jpa.open-in-view to disable this warning
2026-08-27T18:41:24.283-04:00  INFO 29668 --- [moldtek-backend] [           main] o.s.b.w.embedded.tomcat.TomcatWebServer  : Tomcat started on port 8080 (http) with context path '/api'
2026-08-27T18:41:24.290-04:00  INFO 29668 --- [moldtek-backend] [           main] c.m.backend.MoldtekBackendApplication    : Started MoldtekBackendApplication in 7.045 seconds (process running for 7.429)
2026-08-27T18:41:24.365-04:00  INFO 29668 --- [moldtek-backend] [           main] c.m.backend.config.DataInitializer       : Roles initialized
2026-08-27T18:41:38.366-04:00  INFO 29668 --- [moldtek-backend] [nio-8080-exec-1] o.a.c.c.C.[Tomcat].[localhost].[/api]    : Initializing Spring DispatcherServlet 'dispatcherServlet'
2026-08-27T18:41:38.367-04:00  INFO 29668 --- [moldtek-backend] [nio-8080-exec-1] o.s.web.servlet.DispatcherServlet        : Initializing Servlet 'dispatcherServlet'
2026-08-27T18:41:38.368-04:00  INFO 29668 --- [moldtek-backend] [nio-8080-exec-1] o.s.web.servlet.DispatcherServlet        : Completed initialization in 1 ms
[INFO] ------------------------------------------------------------------------
[INFO] BUILD FAILURE
[INFO] ------------------------------------------------------------------------
[INFO] Total time:  01:49 min
[INFO] Finished at: 2026-08-27T18:43:00-04:00
[INFO] ------------------------------------------------------------------------
[ERROR] Failed to execute goal org.springframework.boot:spring-boot-maven-plugin:3.4.1:run (default-cli) on project moldtek-backend: Process terminated with exit code: 1 -> [Help 1]
[ERROR] 
[ERROR] To see the full stack trace of the errors, re-run Maven with the -e switch.
[ERROR] Re-run Maven using the -X switch to enable full debug logging.
[ERROR] 
[ERROR] For more information about the errors and possible solutions, please read the following articles:
[ERROR] [Help 1] http://cwiki.apache.org/confluence/display/MAVEN/MojoExecutionException
